exports[`<Buble /> Snapshots bubble component 1`] = `
<div
  className="kJXBvM"
  height="100px"
  width="100px" />
`;
